// Jest Snapshot v1, https://goo.gl/fbAQLP

exports[`Options from @bavary/core Should properly apply core-options: errors 1`] = `Array []`;

exports[`Options from @bavary/core Should properly apply core-options: result 1`] = `
Object {
  "decimal": "23e4",
  "num": "123",
  "numLength": 3,
  "sign": null,
}
`;

exports[`Options from @bavary/core Should properly apply core-options: warnings 1`] = `Array []`;
